Jul 17 16:22:41 thglzimbra301 amavis[3774]: (03774-20) ESMTP [127.0.0.1]:10032 /opt/zimbra/data/amavisd/tmp/amavis-20200717T155913-03774-tu5YGa4m: <k.reth@gl-f.com> -> <a.chan@gl-f.com>,<c.hong@gl-f.com>,<c.nhim@gl-f.com>,<c.thov@gl-f.com>,<cha.sam@gl-f.com>,<k.reth@gl-f.com>,<s.cheng@gl-f.com>,<sa.sat@gl-f.com>,<so.chea@gl-f.com>,<y.kozuma@gl-f.com> SIZE=5744808 Received: from mail.csd.co.th ([127.0.0.1]) by localhost (csd.co.th [127.0.0.1]) (amavisd-new, port 10032) with ESMTP; Fri, 17 Jul 2020 16:22:41 +0700 (+07)
Jul 17 16:22:42 thglzimbra301 amavis[3774]: (03774-20) Checking: gN-IJ5cqua9y ORIGINATING_POST/MYNETS [127.0.0.1] <k.reth@gl-f.com> -> <a.chan@gl-f.com>,<c.hong@gl-f.com>,<c.nhim@gl-f.com>,<c.thov@gl-f.com>,<cha.sam@gl-f.com>,<k.reth@gl-f.com>,<s.cheng@gl-f.com>,<sa.sat@gl-f.com>,<so.chea@gl-f.com>,<y.kozuma@gl-f.com>
Jul 17 16:22:42 thglzimbra301 amavis[3774]: (03774-20) spam-tag, <k.reth@gl-f.com> -> <a.chan@gl-f.com>,<c.hong@gl-f.com>,<c.nhim@gl-f.com>,<c.thov@gl-f.com>,<cha.sam@gl-f.com>,<k.reth@gl-f.com>,<s.cheng@gl-f.com>,<sa.sat@gl-f.com>,<so.chea@gl-f.com>,<y.kozuma@gl-f.com>, No, score=-0.775 required=6.6 tests=[ALL_TRUSTED=-1, BAYES_00=-1.9, DKIM_SIGNED=0.1, DKIM_VALID=-0.1, DKIM_VALID_AU=-0.1, HTML_MESSAGE=0.001, LOCAL_RULE_APNIC_12=4.123, LOCAL_RULE_GLF=-2, MIME_HTML_MOSTLY=0.1, URIBL_BLOCKED=0.001] autolearn=no autolearn_force=no
Jul 17 16:22:42 thglzimbra301 amavis[3774]: (03774-20) gN-IJ5cqua9y FWD from <k.reth@gl-f.com> -> <a.chan@gl-f.com>,<c.hong@gl-f.com>,<c.nhim@gl-f.com>,<c.thov@gl-f.com>,<cha.sam@gl-f.com>,<k.reth@gl-f.com>,<s.cheng@gl-f.com>,<sa.sat@gl-f.com>,<so.chea@gl-f.com>,<y.kozuma@gl-f.com>, BODY=7BIT 250 2.0.0 from MTA(smtp:[127.0.0.1]:10025): 250 2.0.0 Ok: queued as 61EB4471EFC
Jul 17 16:22:42 thglzimbra301 amavis[3774]: (03774-20) Passed CLEAN {RelayedInternal}, ORIGINATING_POST/MYNETS LOCAL [127.0.0.1]:58860 [203.217.171.132] <k.reth@gl-f.com> -> <a.chan@gl-f.com>,<c.hong@gl-f.com>,<c.nhim@gl-f.com>,<c.thov@gl-f.com>,<cha.sam@gl-f.com>,<k.reth@gl-f.com>,<s.cheng@gl-f.com>,<sa.sat@gl-f.com>,<so.chea@gl-f.com>,<y.kozuma@gl-f.com>, Queue-ID: 510C1471F3C, Message-ID: <008c01d65c1b$c7542060$55fc6120$@gl-f.com>, mail_id: gN-IJ5cqua9y, Hits: -0.775, size: 5745234, queued_as: 61EB4471EFC, dkim_sd=7A60E578-A243-11E9-89FC-DBAAB5D5401C:gl-f.com, 509 ms
Jul 17 16:22:42 thglzimbra301 postfix/smtp[19852]: 510C1471F3C: to=<y.kozuma@gl-f.com>, relay=127.0.0.1[127.0.0.1]:10032, delay=4.1, delays=3.6/0/0/0.51, dsn=2.0.0, status=sent (250 2.0.0 from MTA(smtp:[127.0.0.1]:10025): 250 2.0.0 Ok: queued as 61EB4471EFC)
Jul 17 16:22:43 thglzimbra301 postfix/lmtp[18946]: 61EB4471EFC: to=<y.kozuma@gl-f.com>, relay=csd.co.th[172.31.30.121]:7025, delay=0.88, delays=0.05/0/0.04/0.78, dsn=2.1.5, status=sent (250 2.1.5 Delivery OK)
Jul 17 16:25:26 thglzimbra301 postfix/smtpd[17074]: NOQUEUE: filter: RCPT from unknown[194.209.117.18]: <yiannos.trisokkas@casamont.com>: Sender address triggers FILTER smtp-amavis:[127.0.0.1]:10026; from=<yiannos.trisokkas@casamont.com> to=<y.kozuma@gl-f.com> proto=ESMTP helo=<plesk.henleyglobal.net>
Jul 17 16:25:26 thglzimbra301 postfix/smtpd[17074]: NOQUEUE: filter: RCPT from unknown[194.209.117.18]: <yiannos.trisokkas@casamont.com>: Sender address triggers FILTER smtp-amavis:[127.0.0.1]:10024; from=<yiannos.trisokkas@casamont.com> to=<y.kozuma@gl-f.com> proto=ESMTP helo=<plesk.henleyglobal.net>
Jul 17 16:25:26 thglzimbra301 postfix/smtpd[17074]: NOQUEUE: reject: RCPT from unknown[194.209.117.18]: 450 4.7.25 Client host rejected: cannot find your hostname, [194.209.117.18]; from=<yiannos.trisokkas@casamont.com> to=<y.kozuma@gl-f.com> proto=ESMTP helo=<plesk.henleyglobal.net>
Jul 17 16:25:27 thglzimbra301 amavis[9780]: (09780-14) ESMTP [127.0.0.1]:10026 /opt/zimbra/data/amavisd/tmp/amavis-20200717T160922-09780-1_M8r0PS: <s.suy@gl-f.com> -> <a.chan@gl-f.com>,<c.hong@gl-f.com>,<c.nhim@gl-f.com>,<c.thov@gl-f.com>,<cha.sam@gl-f.com>,<k.reth@gl-f.com>,<s.cheng@gl-f.com>,<sa.sat@gl-f.com>,<so.chea@gl-f.com>,<y.kozuma@gl-f.com> Received: from mail.csd.co.th ([127.0.0.1]) by localhost (csd.co.th [127.0.0.1]) (amavisd-new, port 10026) with ESMTP; Fri, 17 Jul 2020 16:25:27 +0700 (+07)
Jul 17 16:25:27 thglzimbra301 amavis[9780]: (09780-14) Checking: nrHbIZgX6fCk ORIGINATING [203.217.171.132] <s.suy@gl-f.com> -> <a.chan@gl-f.com>,<c.hong@gl-f.com>,<c.nhim@gl-f.com>,<c.thov@gl-f.com>,<cha.sam@gl-f.com>,<k.reth@gl-f.com>,<s.cheng@gl-f.com>,<sa.sat@gl-f.com>,<so.chea@gl-f.com>,<y.kozuma@gl-f.com>
Jul 17 16:25:29 thglzimbra301 amavis[9780]: (09780-14) nrHbIZgX6fCk FWD from <s.suy@gl-f.com> -> <a.chan@gl-f.com>,<c.hong@gl-f.com>,<c.nhim@gl-f.com>,<c.thov@gl-f.com>,<cha.sam@gl-f.com>,<k.reth@gl-f.com>,<s.cheng@gl-f.com>,<sa.sat@gl-f.com>,<so.chea@gl-f.com>,<y.kozuma@gl-f.com>, BODY=7BIT 250 2.0.0 from MTA(smtp:[127.0.0.1]:10030): 250 2.0.0 Ok: queued as 9FE0F471F01
Jul 17 16:25:29 thglzimbra301 amavis[9780]: (09780-14) Passed CLEAN {RelayedInternal}, ORIGINATING LOCAL [203.217.171.132]:61879 [203.217.171.132] <s.suy@gl-f.com> -> <a.chan@gl-f.com>,<c.hong@gl-f.com>,<c.nhim@gl-f.com>,<c.thov@gl-f.com>,<cha.sam@gl-f.com>,<k.reth@gl-f.com>,<s.cheng@gl-f.com>,<sa.sat@gl-f.com>,<so.chea@gl-f.com>,<y.kozuma@gl-f.com>, Queue-ID: 1CCC6471EFA, Message-ID: <01e701d65c1c$30d1bde0$927539a0$@gl-f.com>, mail_id: nrHbIZgX6fCk, Hits: -, size: 3667290, queued_as: 9FE0F471F01, 2822 ms
Jul 17 16:25:29 thglzimbra301 postfix/smtp[19849]: 1CCC6471EFA: to=<y.kozuma@gl-f.com>, orig_to=<alladmin@gl-f.com>, relay=127.0.0.1[127.0.0.1]:10026, delay=9.9, delays=7.1/0/0/2.8, dsn=2.0.0, status=sent (250 2.0.0 from MTA(smtp:[127.0.0.1]:10030): 250 2.0.0 Ok: queued as 9FE0F471F01)
Jul 17 16:25:29 thglzimbra301 amavis[9346]: (09346-16) ESMTP [127.0.0.1]:10032 /opt/zimbra/data/amavisd/tmp/amavis-20200717T160728-09346-edo3kgnM: <s.suy@gl-f.com> -> <a.chan@gl-f.com>,<c.hong@gl-f.com>,<c.nhim@gl-f.com>,<c.thov@gl-f.com>,<cha.sam@gl-f.com>,<k.reth@gl-f.com>,<s.cheng@gl-f.com>,<sa.sat@gl-f.com>,<so.chea@gl-f.com>,<y.kozuma@gl-f.com> SIZE=3667692 Received: from mail.csd.co.th ([127.0.0.1]) by localhost (csd.co.th [127.0.0.1]) (amavisd-new, port 10032) with ESMTP; Fri, 17 Jul 2020 16:25:29 +0700 (+07)
Jul 17 16:25:30 thglzimbra301 amavis[9346]: (09346-16) Checking: h1YRJhIlcXYU ORIGINATING_POST/MYNETS [127.0.0.1] <s.suy@gl-f.com> -> <a.chan@gl-f.com>,<c.hong@gl-f.com>,<c.nhim@gl-f.com>,<c.thov@gl-f.com>,<cha.sam@gl-f.com>,<k.reth@gl-f.com>,<s.cheng@gl-f.com>,<sa.sat@gl-f.com>,<so.chea@gl-f.com>,<y.kozuma@gl-f.com>
Jul 17 16:25:30 thglzimbra301 amavis[9346]: (09346-16) spam-tag, <s.suy@gl-f.com> -> <a.chan@gl-f.com>,<c.hong@gl-f.com>,<c.nhim@gl-f.com>,<c.thov@gl-f.com>,<cha.sam@gl-f.com>,<k.reth@gl-f.com>,<s.cheng@gl-f.com>,<sa.sat@gl-f.com>,<so.chea@gl-f.com>,<y.kozuma@gl-f.com>, No, score=-0.875 required=6.6 tests=[ALL_TRUSTED=-1, BAYES_00=-1.9, DKIM_SIGNED=0.1, DKIM_VALID=-0.1, DKIM_VALID_AU=-0.1, HTML_MESSAGE=0.001, LOCAL_RULE_APNIC_12=4.123, LOCAL_RULE_GLF=-2, URIBL_BLOCKED=0.001] autolearn=no autolearn_force=no
Jul 17 16:25:30 thglzimbra301 amavis[9346]: (09346-16) h1YRJhIlcXYU FWD from <s.suy@gl-f.com> -> <a.chan@gl-f.com>,<c.hong@gl-f.com>,<c.nhim@gl-f.com>,<c.thov@gl-f.com>,<cha.sam@gl-f.com>,<k.reth@gl-f.com>,<s.cheng@gl-f.com>,<sa.sat@gl-f.com>,<so.chea@gl-f.com>,<y.kozuma@gl-f.com>, BODY=7BIT 250 2.0.0 from MTA(smtp:[127.0.0.1]:10025): 250 2.0.0 Ok: queued as 55244471EFA
Jul 17 16:25:30 thglzimbra301 amavis[9346]: (09346-16) Passed CLEAN {RelayedInternal}, ORIGINATING_POST/MYNETS LOCAL [127.0.0.1]:59500 [203.217.171.132] <s.suy@gl-f.com> -> <a.chan@gl-f.com>,<c.hong@gl-f.com>,<c.nhim@gl-f.com>,<c.thov@gl-f.com>,<cha.sam@gl-f.com>,<k.reth@gl-f.com>,<s.cheng@gl-f.com>,<sa.sat@gl-f.com>,<so.chea@gl-f.com>,<y.kozuma@gl-f.com>, Queue-ID: 9FE0F471F01, Message-ID: <01e701d65c1c$30d1bde0$927539a0$@gl-f.com>, mail_id: h1YRJhIlcXYU, Hits: -0.875, size: 3668124, queued_as: 55244471EFA, dkim_sd=7A60E578-A243-11E9-89FC-DBAAB5D5401C:gl-f.com, 482 ms
Jul 17 16:25:30 thglzimbra301 postfix/smtp[19852]: 9FE0F471F01: to=<y.kozuma@gl-f.com>, relay=127.0.0.1[127.0.0.1]:10032, delay=2.8, delays=2.3/0/0/0.48, dsn=2.0.0, status=sent (250 2.0.0 from MTA(smtp:[127.0.0.1]:10025): 250 2.0.0 Ok: queued as 55244471EFA)
Jul 17 16:25:30 thglzimbra301 postfix/lmtp[21596]: 55244471EFA: to=<y.kozuma@gl-f.com>, relay=csd.co.th[172.31.30.121]:7025, delay=0.5, delays=0.08/0.01/0.04/0.38, dsn=2.1.5, status=sent (250 2.1.5 Delivery OK)
Jul 17 16:29:45 thglzimbra301 postfix/smtpd[23808]: NOQUEUE: filter: RCPT from fc9380-b.cuenote.jp[210.152.207.250]: <bounce-000004663-00024619e93193@fc9380.cuenote.jp>: Sender address triggers FILTER smtp-amavis:[127.0.0.1]:10026; from=<bounce-000004663-00024619e93193@fc9380.cuenote.jp> to=<r.ishigami@gl-f.com> proto=ESMTP helo=<fc9380.cuenote.jp>
Jul 17 16:29:45 thglzimbra301 postfix/smtpd[23808]: NOQUEUE: filter: RCPT from fc9380-b.cuenote.jp[210.152.207.250]: <bounce-000004663-00024619e93193@fc9380.cuenote.jp>: Sender address triggers FILTER smtp-amavis:[127.0.0.1]:10024; from=<bounce-000004663-00024619e93193@fc9380.cuenote.jp> to=<r.ishigami@gl-f.com> proto=ESMTP helo=<fc9380.cuenote.jp>
Jul 17 16:29:45 thglzimbra301 amavis[13443]: (13443-12) ESMTP [127.0.0.1]:10024 /opt/zimbra/data/amavisd/tmp/amavis-20200717T161421-13443-URvnOsSq: <bounce-000004663-00024619e93193@fc9380.cuenote.jp> -> <r.ishigami@gl-f.com> SIZE=11416 Received: from mail.csd.co.th ([127.0.0.1]) by localhost (csd.co.th [127.0.0.1]) (amavisd-new, port 10024) with ESMTP for <r.ishigami@gl-f.com>; Fri, 17 Jul 2020 16:29:45 +0700 (+07)
Jul 17 16:29:45 thglzimbra301 amavis[13443]: (13443-12) Checking: JX-LADrnoKxk [210.152.207.250] <bounce-000004663-00024619e93193@fc9380.cuenote.jp> -> <r.ishigami@gl-f.com>
Jul 17 16:29:46 thglzimbra301 amavis[13443]: (13443-12) spam-tag, <bounce-000004663-00024619e93193@fc9380.cuenote.jp> -> <r.ishigami@gl-f.com>, No, score=2.222 required=6.6 tests=[BAYES_00=-1.9, DKIMWL_WL_MED=-0.001, DKIM_SIGNED=0.1, DKIM_VALID=-0.1, HEADER_FROM_DIFFERENT_DOMAINS=0.001, LOCAL_RULE_APNIC_13=4.123, RCVD_IN_DNSWL_NONE=-0.0001, SPF_HELO_PASS=-0.001, SPF_PASS=-0.001, URIBL_BLOCKED=0.001] autolearn=no autolearn_force=no
Jul 17 16:29:46 thglzimbra301 amavis[13443]: (13443-12) JX-LADrnoKxk FWD from <bounce-000004663-00024619e93193@fc9380.cuenote.jp> -> <r.ishigami@gl-f.com>, BODY=7BIT 250 2.0.0 from MTA(smtp:[127.0.0.1]:10025): 250 2.0.0 Ok: queued as 0266C471F22
Jul 17 16:29:46 thglzimbra301 amavis[13443]: (13443-12) Passed CLEAN {RelayedInbound}, [210.152.207.250]:57032 [210.152.207.250] <bounce-000004663-00024619e93193@fc9380.cuenote.jp> -> <r.ishigami@gl-f.com>, Queue-ID: 6576E471EFA, Message-ID: <5083a461-3a03-40b2-8f2e-01991a2f86a2@fc9380.cuenote.jp>, mail_id: JX-LADrnoKxk, Hits: 2.222, size: 11416, queued_as: 0266C471F22, dkim_sd=y193:dkim.cuenote.jp, 439 ms
Jul 17 16:29:46 thglzimbra301 postfix/smtp[23789]: 6576E471EFA: to=<r.ishigami@gl-f.com>, relay=127.0.0.1[127.0.0.1]:10024, delay=0.69, delays=0.25/0/0/0.44, dsn=2.0.0, status=sent (250 2.0.0 from MTA(smtp:[127.0.0.1]:10025): 250 2.0.0 Ok: queued as 0266C471F22)
Jul 17 16:29:46 thglzimbra301 postfix/lmtp[24230]: 0266C471F22: to=<r.ishigami@gl-f.com>, relay=csd.co.th[172.31.30.121]:7025, delay=0.12, delays=0/0.01/0.04/0.07, dsn=2.1.5, status=sent (250 2.1.5 Delivery OK)
Jul 17 16:30:41 thglzimbra301 amavis[9364]: (09364-17) ESMTP [127.0.0.1]:10026 /opt/zimbra/data/amavisd/tmp/amavis-20200717T160809-09364-K5oOdayq: <cha.sam@gl-f.com> -> <a.chan@gl-f.com>,<c.hong@gl-f.com>,<c.nhim@gl-f.com>,<c.nhim@gl-f.com>,<c.thov@gl-f.com>,<cha.sam@gl-f.com>,<k.reth@gl-f.com>,<s.cheng@gl-f.com>,<sa.sat@gl-f.com>,<so.chea@gl-f.com>,<y.kozuma@gl-f.com> Received: from mail.csd.co.th ([127.0.0.1]) by localhost (csd.co.th [127.0.0.1]) (amavisd-new, port 10026) with ESMTP; Fri, 17 Jul 2020 16:30:41 +0700 (+07)
Jul 17 16:30:41 thglzimbra301 amavis[9364]: (09364-17) Checking: sQpPRmNcZ7_Q ORIGINATING [203.217.171.132] <cha.sam@gl-f.com> -> <a.chan@gl-f.com>,<c.hong@gl-f.com>,<c.nhim@gl-f.com>,<c.nhim@gl-f.com>,<c.thov@gl-f.com>,<cha.sam@gl-f.com>,<k.reth@gl-f.com>,<s.cheng@gl-f.com>,<sa.sat@gl-f.com>,<so.chea@gl-f.com>,<y.kozuma@gl-f.com>
Jul 17 16:30:41 thglzimbra301 amavis[9364]: (09364-17) sQpPRmNcZ7_Q FWD from <cha.sam@gl-f.com> -> <a.chan@gl-f.com>,<c.hong@gl-f.com>,<c.nhim@gl-f.com>,<c.nhim@gl-f.com>,<c.thov@gl-f.com>,<cha.sam@gl-f.com>,<k.reth@gl-f.com>,<s.cheng@gl-f.com>,<sa.sat@gl-f.com>,<so.chea@gl-f.com>,<y.kozuma@gl-f.com>, BODY=7BIT 250 2.0.0 from MTA(smtp:[127.0.0.1]:10030): 250 2.0.0 Ok: queued as 6599F471F27
Jul 17 16:30:41 thglzimbra301 amavis[9364]: (09364-17) Passed CLEAN {RelayedInternal}, ORIGINATING LOCAL [203.217.171.132]:56356 [203.217.171.132] <cha.sam@gl-f.com> -> <a.chan@gl-f.com>,<c.hong@gl-f.com>,<c.nhim@gl-f.com>,<c.nhim@gl-f.com>,<c.thov@gl-f.com>,<cha.sam@gl-f.com>,<k.reth@gl-f.com>,<s.cheng@gl-f.com>,<sa.sat@gl-f.com>,<so.chea@gl-f.com>,<y.kozuma@gl-f.com>, Queue-ID: B7814471F22, Message-ID: <007601d65c1c$ef5a4ac0$ce0ee040$@gl-f.com>, mail_id: sQpPRmNcZ7_Q, Hits: -, size: 708106, queued_as: 6599F471F27, 785 ms
Jul 17 16:30:41 thglzimbra301 postfix/smtp[23789]: B7814471F22: to=<y.kozuma@gl-f.com>, orig_to=<alladmin@gl-f.com>, relay=127.0.0.1[127.0.0.1]:10026, delay=2.2, delays=1.4/0/0/0.78, dsn=2.0.0, status=sent (250 2.0.0 from MTA(smtp:[127.0.0.1]:10030): 250 2.0.0 Ok: queued as 6599F471F27)
Jul 17 16:30:41 thglzimbra301 amavis[10607]: (10607-13) ESMTP [127.0.0.1]:10032 /opt/zimbra/data/amavisd/tmp/amavis-20200717T160905-10607-wJr3Msvo: <cha.sam@gl-f.com> -> <a.chan@gl-f.com>,<c.hong@gl-f.com>,<c.nhim@gl-f.com>,<c.nhim@gl-f.com>,<c.thov@gl-f.com>,<cha.sam@gl-f.com>,<k.reth@gl-f.com>,<s.cheng@gl-f.com>,<sa.sat@gl-f.com>,<so.chea@gl-f.com>,<y.kozuma@gl-f.com> SIZE=708514 Received: from mail.csd.co.th ([127.0.0.1]) by localhost (csd.co.th [127.0.0.1]) (amavisd-new, port 10032) with ESMTP; Fri, 17 Jul 2020 16:30:41 +0700 (+07)
Jul 17 16:30:41 thglzimbra301 amavis[10607]: (10607-13) Checking: bC5kPUYZsYLs ORIGINATING_POST/MYNETS [127.0.0.1] <cha.sam@gl-f.com> -> <a.chan@gl-f.com>,<c.hong@gl-f.com>,<c.nhim@gl-f.com>,<c.nhim@gl-f.com>,<c.thov@gl-f.com>,<cha.sam@gl-f.com>,<k.reth@gl-f.com>,<s.cheng@gl-f.com>,<sa.sat@gl-f.com>,<so.chea@gl-f.com>,<y.kozuma@gl-f.com>
Jul 17 16:30:42 thglzimbra301 amavis[10607]: (10607-13) spam-tag, <cha.sam@gl-f.com> -> <a.chan@gl-f.com>,<c.hong@gl-f.com>,<c.nhim@gl-f.com>,<c.nhim@gl-f.com>,<c.thov@gl-f.com>,<cha.sam@gl-f.com>,<k.reth@gl-f.com>,<s.cheng@gl-f.com>,<sa.sat@gl-f.com>,<so.chea@gl-f.com>,<y.kozuma@gl-f.com>, No, score=-0.775 required=6.6 tests=[ALL_TRUSTED=-1, BAYES_00=-1.9, DKIM_SIGNED=0.1, DKIM_VALID=-0.1, DKIM_VALID_AU=-0.1, HTML_MESSAGE=0.001, LOCAL_RULE_APNIC_12=4.123, LOCAL_RULE_GLF=-2, MIME_HTML_MOSTLY=0.1, URIBL_BLOCKED=0.001] autolearn=no autolearn_force=no
Jul 17 16:30:42 thglzimbra301 amavis[10607]: (10607-13) bC5kPUYZsYLs FWD from <cha.sam@gl-f.com> -> <a.chan@gl-f.com>,<c.hong@gl-f.com>,<c.nhim@gl-f.com>,<c.nhim@gl-f.com>,<c.thov@gl-f.com>,<cha.sam@gl-f.com>,<k.reth@gl-f.com>,<s.cheng@gl-f.com>,<sa.sat@gl-f.com>,<so.chea@gl-f.com>,<y.kozuma@gl-f.com>, BODY=7BIT 250 2.0.0 from MTA(smtp:[127.0.0.1]:10025): 250 2.0.0 Ok: queued as 2EBF5471F22
Jul 17 16:30:42 thglzimbra301 amavis[10607]: (10607-13) Passed CLEAN {RelayedInternal}, ORIGINATING_POST/MYNETS LOCAL [127.0.0.1]:60270 [203.217.171.132] <cha.sam@gl-f.com> -> <a.chan@gl-f.com>,<c.hong@gl-f.com>,<c.nhim@gl-f.com>,<c.nhim@gl-f.com>,<c.thov@gl-f.com>,<cha.sam@gl-f.com>,<k.reth@gl-f.com>,<s.cheng@gl-f.com>,<sa.sat@gl-f.com>,<so.chea@gl-f.com>,<y.kozuma@gl-f.com>, Queue-ID: 6599F471F27, Message-ID: <007601d65c1c$ef5a4ac0$ce0ee040$@gl-f.com>, mail_id: bC5kPUYZsYLs, Hits: -0.775, size: 708940, queued_as: 2EBF5471F22, dkim_sd=7A60E578-A243-11E9-89FC-DBAAB5D5401C:gl-f.com, 375 ms
Jul 17 16:30:42 thglzimbra301 postfix/smtp[23791]: 6599F471F27: to=<y.kozuma@gl-f.com>, relay=127.0.0.1[127.0.0.1]:10032, delay=0.83, delays=0.45/0/0/0.37, dsn=2.0.0, status=sent (250 2.0.0 from MTA(smtp:[127.0.0.1]:10025): 250 2.0.0 Ok: queued as 2EBF5471F22)
Jul 17 16:30:42 thglzimbra301 postfix/lmtp[24230]: 2EBF5471F22: to=<y.kozuma@gl-f.com>, relay=csd.co.th[172.31.30.121]:7025, delay=0.36, delays=0.05/0/0.04/0.26, dsn=2.1.5, status=sent (250 2.1.5 Delivery OK)
Jul 17 17:17:04 thglzimbra301 postfix/smtps/smtpd[24602]: NOQUEUE: filter: RCPT from unknown[203.217.171.132]: <smartcabinet@gl-f.com>: Sender address triggers FILTER smtp-amavis:[127.0.0.1]:10026; from=<smartcabinet@gl-f.com> to=<y.kozuma@gl-f.com> proto=ESMTP helo=<RDU-HOST>
Jul 17 17:17:05 thglzimbra301 amavis[11980]: (11980-09) ESMTP [127.0.0.1]:10026 /opt/zimbra/data/amavisd/tmp/amavis-20200717T170211-11980-WfWSIuLw: <smartcabinet@gl-f.com> -> <y.kozuma@gl-f.com> Received: from mail.csd.co.th ([127.0.0.1]) by localhost (csd.co.th [127.0.0.1]) (amavisd-new, port 10026) with ESMTP for <y.kozuma@gl-f.com>; Fri, 17 Jul 2020 17:17:05 +0700 (+07)
Jul 17 17:17:05 thglzimbra301 amavis[11980]: (11980-09) Checking: W6QpWhWJh-Jk ORIGINATING [203.217.171.132] <smartcabinet@gl-f.com> -> <y.kozuma@gl-f.com>
Jul 17 17:17:05 thglzimbra301 amavis[11980]: (11980-09) W6QpWhWJh-Jk FWD from <smartcabinet@gl-f.com> -> <y.kozuma@gl-f.com>, BODY=7BIT 250 2.0.0 from MTA(smtp:[127.0.0.1]:10030): 250 2.0.0 Ok: queued as 2B7A4471FC0
Jul 17 17:17:05 thglzimbra301 amavis[11980]: (11980-09) Passed CLEAN {RelayedInternal}, ORIGINATING LOCAL [203.217.171.132]:47835 [203.217.171.132] <smartcabinet@gl-f.com> -> <y.kozuma@gl-f.com>, Queue-ID: EBA53471FA7, Message-ID: <20200717101704.EBA53471FA7@mail.csd.co.th>, mail_id: W6QpWhWJh-Jk, Hits: -, size: 1401, queued_as: 2B7A4471FC0, 134 ms
Jul 17 17:17:05 thglzimbra301 postfix/smtp[24171]: EBA53471FA7: to=<y.kozuma@gl-f.com>, relay=127.0.0.1[127.0.0.1]:10026, delay=0.33, delays=0.2/0/0/0.13, dsn=2.0.0, status=sent (250 2.0.0 from MTA(smtp:[127.0.0.1]:10030): 250 2.0.0 Ok: queued as 2B7A4471FC0)
Jul 17 17:17:05 thglzimbra301 amavis[7612]: (07612-16) ESMTP [127.0.0.1]:10032 /opt/zimbra/data/amavisd/tmp/amavis-20200717T165257-07612-FkwoGf69: <smartcabinet@gl-f.com> -> <y.kozuma@gl-f.com> SIZE=1854 Received: from mail.csd.co.th ([127.0.0.1]) by localhost (csd.co.th [127.0.0.1]) (amavisd-new, port 10032) with ESMTP for <y.kozuma@gl-f.com>; Fri, 17 Jul 2020 17:17:05 +0700 (+07)
Jul 17 17:17:05 thglzimbra301 amavis[7612]: (07612-16) Checking: VBgSrQYTm1IP ORIGINATING_POST/MYNETS [127.0.0.1] <smartcabinet@gl-f.com> -> <y.kozuma@gl-f.com>
Jul 17 17:17:05 thglzimbra301 amavis[7612]: (07612-16) spam-tag, <smartcabinet@gl-f.com> -> <y.kozuma@gl-f.com>, Yes, score=7.364 required=6.6 tests=[ALL_TRUSTED=-1, BASE64_LENGTH_79_INF=1.502, BAYES_00=-1.9, DATE_IN_PAST_06_12=1.543, DKIM_SIGNED=0.1, DKIM_VALID=-0.1, DKIM_VALID_AU=-0.1, FROM_MISSPACED=1.999, FROM_MISSP_XPRIO=1.999, HTML_MESSAGE=0.001, INVALID_DATE=1.096, LOCAL_RULE_APNIC_12=4.123, LOCAL_RULE_GLF=-2, MIME_HTML_ONLY=0.1, URIBL_BLOCKED=0.001] autolearn=no autolearn_force=no
Jul 17 17:17:05 thglzimbra301 amavis[7612]: (07612-16) VBgSrQYTm1IP FWD from <smartcabinet@gl-f.com> -> <y.kozuma@gl-f.com>, BODY=7BIT 250 2.0.0 from MTA(smtp:[127.0.0.1]:10025): 250 2.0.0 Ok: queued as 60240471FA7
Jul 17 17:17:05 thglzimbra301 amavis[7612]: (07612-16) Passed SPAMMY {RelayedTaggedInternal}, ORIGINATING_POST/MYNETS LOCAL [127.0.0.1]:42660 [203.217.171.132] <smartcabinet@gl-f.com> -> <y.kozuma@gl-f.com>, Queue-ID: 2B7A4471FC0, Message-ID: <20200717101704.EBA53471FA7@mail.csd.co.th>, mail_id: VBgSrQYTm1IP, Hits: 7.364, size: 2285, queued_as: 60240471FA7, dkim_sd=7A60E578-A243-11E9-89FC-DBAAB5D5401C:gl-f.com, 140 ms
Jul 17 17:17:05 thglzimbra301 postfix/smtp[25935]: 2B7A4471FC0: to=<y.kozuma@gl-f.com>, relay=127.0.0.1[127.0.0.1]:10032, delay=0.22, delays=0.08/0/0/0.14, dsn=2.0.0, status=sent (250 2.0.0 from MTA(smtp:[127.0.0.1]:10025): 250 2.0.0 Ok: queued as 60240471FA7)
Jul 17 17:17:05 thglzimbra301 postfix/lmtp[18301]: 60240471FA7: to=<y.kozuma@gl-f.com>, relay=csd.co.th[172.31.30.121]:7025, delay=0.1, delays=0/0/0.04/0.05, dsn=2.1.5, status=sent (250 2.1.5 Delivery OK)
Jul 17 17:17:05 thglzimbra301 postfix/smtps/smtpd[25529]: NOQUEUE: filter: RCPT from unknown[203.217.171.132]: <smartcabinet@gl-f.com>: Sender address triggers FILTER smtp-amavis:[127.0.0.1]:10026; from=<smartcabinet@gl-f.com> to=<r.ishigami@gl-f.com> proto=ESMTP helo=<RDU-HOST>
Jul 17 17:17:06 thglzimbra301 amavis[19406]: (19406-03) ESMTP [127.0.0.1]:10026 /opt/zimbra/data/amavisd/tmp/amavis-20200717T171213-19406-U75vcr2s: <smartcabinet@gl-f.com> -> <r.ishigami@gl-f.com> Received: from mail.csd.co.th ([127.0.0.1]) by localhost (csd.co.th [127.0.0.1]) (amavisd-new, port 10026) with ESMTP for <r.ishigami@gl-f.com>; Fri, 17 Jul 2020 17:17:06 +0700 (+07)
Jul 17 17:17:06 thglzimbra301 amavis[19406]: (19406-03) Checking: IiyF-YQkycJc ORIGINATING [203.217.171.132] <smartcabinet@gl-f.com> -> <r.ishigami@gl-f.com>
Jul 17 17:17:06 thglzimbra301 amavis[19406]: (19406-03) IiyF-YQkycJc FWD from <smartcabinet@gl-f.com> -> <r.ishigami@gl-f.com>, BODY=7BIT 250 2.0.0 from MTA(smtp:[127.0.0.1]:10030): 250 2.0.0 Ok: queued as 12EA0471FC3
Jul 17 17:17:06 thglzimbra301 amavis[19406]: (19406-03) Passed CLEAN {RelayedInternal}, ORIGINATING LOCAL [203.217.171.132]:47836 [203.217.171.132] <smartcabinet@gl-f.com> -> <r.ishigami@gl-f.com>, Queue-ID: D3358471FA7, Message-ID: <20200717101705.D3358471FA7@mail.csd.co.th>, mail_id: IiyF-YQkycJc, Hits: -, size: 1405, queued_as: 12EA0471FC3, 135 ms
Jul 17 17:17:06 thglzimbra301 postfix/smtp[25528]: D3358471FA7: to=<r.ishigami@gl-f.com>, relay=127.0.0.1[127.0.0.1]:10026, delay=0.34, delays=0.2/0/0/0.13, dsn=2.0.0, status=sent (250 2.0.0 from MTA(smtp:[127.0.0.1]:10030): 250 2.0.0 Ok: queued as 12EA0471FC3)
Jul 17 17:17:06 thglzimbra301 amavis[13426]: (13426-11) ESMTP [127.0.0.1]:10032 /opt/zimbra/data/amavisd/tmp/amavis-20200717T170211-13426-9VennhsZ: <smartcabinet@gl-f.com> -> <r.ishigami@gl-f.com> SIZE=1862 Received: from mail.csd.co.th ([127.0.0.1]) by localhost (csd.co.th [127.0.0.1]) (amavisd-new, port 10032) with ESMTP for <r.ishigami@gl-f.com>; Fri, 17 Jul 2020 17:17:06 +0700 (+07)
Jul 17 17:17:06 thglzimbra301 amavis[13426]: (13426-11) Checking: o-lWJ-LJtpXy ORIGINATING_POST/MYNETS [127.0.0.1] <smartcabinet@gl-f.com> -> <r.ishigami@gl-f.com>
Jul 17 17:17:06 thglzimbra301 amavis[13426]: (13426-11) spam-tag, <smartcabinet@gl-f.com> -> <r.ishigami@gl-f.com>, Yes, score=7.364 required=6.6 tests=[ALL_TRUSTED=-1, BASE64_LENGTH_79_INF=1.502, BAYES_00=-1.9, DATE_IN_PAST_06_12=1.543, DKIM_SIGNED=0.1, DKIM_VALID=-0.1, DKIM_VALID_AU=-0.1, FROM_MISSPACED=1.999, FROM_MISSP_XPRIO=1.999, HTML_MESSAGE=0.001, INVALID_DATE=1.096, LOCAL_RULE_APNIC_12=4.123, LOCAL_RULE_GLF=-2, MIME_HTML_ONLY=0.1, URIBL_BLOCKED=0.001] autolearn=no autolearn_force=no
Jul 17 17:17:06 thglzimbra301 amavis[13426]: (13426-11) o-lWJ-LJtpXy FWD from <smartcabinet@gl-f.com> -> <r.ishigami@gl-f.com>, BODY=7BIT 250 2.0.0 from MTA(smtp:[127.0.0.1]:10025): 250 2.0.0 Ok: queued as 3FBD6471FA7
Jul 17 17:17:06 thglzimbra301 amavis[13426]: (13426-11) Passed SPAMMY {RelayedTaggedInternal}, ORIGINATING_POST/MYNETS LOCAL [127.0.0.1]:42676 [203.217.171.132] <smartcabinet@gl-f.com> -> <r.ishigami@gl-f.com>, Queue-ID: 12EA0471FC3, Message-ID: <20200717101705.D3358471FA7@mail.csd.co.th>, mail_id: o-lWJ-LJtpXy, Hits: 7.364, size: 2293, queued_as: 3FBD6471FA7, dkim_sd=7A60E578-A243-11E9-89FC-DBAAB5D5401C:gl-f.com, 108 ms
Jul 17 17:17:06 thglzimbra301 postfix/smtp[24171]: 12EA0471FC3: to=<r.ishigami@gl-f.com>, relay=127.0.0.1[127.0.0.1]:10032, delay=0.19, delays=0.08/0/0/0.11, dsn=2.0.0, status=sent (250 2.0.0 from MTA(smtp:[127.0.0.1]:10025): 250 2.0.0 Ok: queued as 3FBD6471FA7)
Jul 17 17:17:06 thglzimbra301 postfix/lmtp[18301]: 3FBD6471FA7: to=<r.ishigami@gl-f.com>, relay=csd.co.th[172.31.30.121]:7025, delay=0.11, delays=0/0/0.04/0.06, dsn=2.1.5, status=sent (250 2.1.5 Delivery OK)
Jul 17 17:17:11 thglzimbra301 postfix/smtps/smtpd[25529]: NOQUEUE: filter: RCPT from unknown[203.217.171.132]: <smartcabinet@gl-f.com>: Sender address triggers FILTER smtp-amavis:[127.0.0.1]:10026; from=<smartcabinet@gl-f.com> to=<y.kozuma@gl-f.com> proto=ESMTP helo=<RDU-HOST>
Jul 17 17:17:11 thglzimbra301 amavis[24623]: (24623-04) ESMTP [127.0.0.1]:10026 /opt/zimbra/data/amavisd/tmp/amavis-20200717T171635-24623-O6O2CeAJ: <smartcabinet@gl-f.com> -> <y.kozuma@gl-f.com> Received: from mail.csd.co.th ([127.0.0.1]) by localhost (csd.co.th [127.0.0.1]) (amavisd-new, port 10026) with ESMTP for <y.kozuma@gl-f.com>; Fri, 17 Jul 2020 17:17:11 +0700 (+07)
Jul 17 17:17:11 thglzimbra301 amavis[24623]: (24623-04) Checking: ahGgGcjT3cLX ORIGINATING [203.217.171.132] <smartcabinet@gl-f.com> -> <y.kozuma@gl-f.com>
Jul 17 17:17:11 thglzimbra301 amavis[24623]: (24623-04) ahGgGcjT3cLX FWD from <smartcabinet@gl-f.com> -> <y.kozuma@gl-f.com>, BODY=7BIT 250 2.0.0 from MTA(smtp:[127.0.0.1]:10030): 250 2.0.0 Ok: queued as 656AC471FD0
Jul 17 17:17:11 thglzimbra301 amavis[24623]: (24623-04) Passed CLEAN {RelayedInternal}, ORIGINATING LOCAL [203.217.171.132]:47842 [203.217.171.132] <smartcabinet@gl-f.com> -> <y.kozuma@gl-f.com>, Queue-ID: 31B32471FA7, Message-ID: <20200717101711.31B32471FA7@mail.csd.co.th>, mail_id: ahGgGcjT3cLX, Hits: -, size: 1405, queued_as: 656AC471FD0, 133 ms
Jul 17 17:17:11 thglzimbra301 postfix/smtp[25528]: 31B32471FA7: to=<y.kozuma@gl-f.com>, relay=127.0.0.1[127.0.0.1]:10026, delay=0.34, delays=0.2/0/0/0.13, dsn=2.0.0, status=sent (250 2.0.0 from MTA(smtp:[127.0.0.1]:10030): 250 2.0.0 Ok: queued as 656AC471FD0)
Jul 17 17:17:11 thglzimbra301 amavis[24172]: (24172-03) ESMTP [127.0.0.1]:10032 /opt/zimbra/data/amavisd/tmp/amavis-20200717T171631-24172-07q3zyXV: <smartcabinet@gl-f.com> -> <y.kozuma@gl-f.com> SIZE=1858 Received: from mail.csd.co.th ([127.0.0.1]) by localhost (csd.co.th [127.0.0.1]) (amavisd-new, port 10032) with ESMTP for <y.kozuma@gl-f.com>; Fri, 17 Jul 2020 17:17:11 +0700 (+07)
Jul 17 17:17:11 thglzimbra301 amavis[24172]: (24172-03) Checking: RSRbMz-2Q64g ORIGINATING_POST/MYNETS [127.0.0.1] <smartcabinet@gl-f.com> -> <y.kozuma@gl-f.com>
Jul 17 17:17:11 thglzimbra301 amavis[24172]: (24172-03) spam-tag, <smartcabinet@gl-f.com> -> <y.kozuma@gl-f.com>, Yes, score=7.364 required=6.6 tests=[ALL_TRUSTED=-1, BASE64_LENGTH_79_INF=1.502, BAYES_00=-1.9, DATE_IN_PAST_06_12=1.543, DKIM_SIGNED=0.1, DKIM_VALID=-0.1, DKIM_VALID_AU=-0.1, FROM_MISSPACED=1.999, FROM_MISSP_XPRIO=1.999, HTML_MESSAGE=0.001, INVALID_DATE=1.096, LOCAL_RULE_APNIC_12=4.123, LOCAL_RULE_GLF=-2, MIME_HTML_ONLY=0.1, URIBL_BLOCKED=0.001] autolearn=no autolearn_force=no
Jul 17 17:17:11 thglzimbra301 amavis[24172]: (24172-03) RSRbMz-2Q64g FWD from <smartcabinet@gl-f.com> -> <y.kozuma@gl-f.com>, BODY=7BIT 250 2.0.0 from MTA(smtp:[127.0.0.1]:10025): 250 2.0.0 Ok: queued as 934A4471FA7
Jul 17 17:17:11 thglzimbra301 amavis[24172]: (24172-03) Passed SPAMMY {RelayedTaggedInternal}, ORIGINATING_POST/MYNETS LOCAL [127.0.0.1]:42718 [203.217.171.132] <smartcabinet@gl-f.com> -> <y.kozuma@gl-f.com>, Queue-ID: 656AC471FD0, Message-ID: <20200717101711.31B32471FA7@mail.csd.co.th>, mail_id: RSRbMz-2Q64g, Hits: 7.364, size: 2289, queued_as: 934A4471FA7, dkim_sd=7A60E578-A243-11E9-89FC-DBAAB5D5401C:gl-f.com, 114 ms
Jul 17 17:17:11 thglzimbra301 postfix/smtp[24171]: 656AC471FD0: to=<y.kozuma@gl-f.com>, relay=127.0.0.1[127.0.0.1]:10032, delay=0.2, delays=0.08/0/0/0.11, dsn=2.0.0, status=sent (250 2.0.0 from MTA(smtp:[127.0.0.1]:10025): 250 2.0.0 Ok: queued as 934A4471FA7)
Jul 17 17:17:11 thglzimbra301 postfix/lmtp[18301]: 934A4471FA7: to=<y.kozuma@gl-f.com>, relay=csd.co.th[172.31.30.121]:7025, delay=0.1, delays=0/0/0.05/0.05, dsn=2.1.5, status=sent (250 2.1.5 Delivery OK)
Jul 17 17:17:12 thglzimbra301 postfix/smtps/smtpd[24602]: NOQUEUE: filter: RCPT from unknown[203.217.171.132]: <smartcabinet@gl-f.com>: Sender address triggers FILTER smtp-amavis:[127.0.0.1]:10026; from=<smartcabinet@gl-f.com> to=<r.ishigami@gl-f.com> proto=ESMTP helo=<RDU-HOST>
Jul 17 17:17:12 thglzimbra301 amavis[7616]: (07616-17) ESMTP [127.0.0.1]:10026 /opt/zimbra/data/amavisd/tmp/amavis-20200717T165502-07616-HmPp3qhS: <smartcabinet@gl-f.com> -> <r.ishigami@gl-f.com> Received: from mail.csd.co.th ([127.0.0.1]) by localhost (csd.co.th [127.0.0.1]) (amavisd-new, port 10026) with ESMTP for <r.ishigami@gl-f.com>; Fri, 17 Jul 2020 17:17:12 +0700 (+07)
Jul 17 17:17:12 thglzimbra301 amavis[7616]: (07616-17) Checking: 38VOZE3MxVll ORIGINATING [203.217.171.132] <smartcabinet@gl-f.com> -> <r.ishigami@gl-f.com>
Jul 17 17:17:12 thglzimbra301 amavis[7616]: (07616-17) 38VOZE3MxVll FWD from <smartcabinet@gl-f.com> -> <r.ishigami@gl-f.com>, BODY=7BIT 250 2.0.0 from MTA(smtp:[127.0.0.1]:10030): 250 2.0.0 Ok: queued as 4C0A0471FCA
Jul 17 17:17:12 thglzimbra301 amavis[7616]: (07616-17) Passed CLEAN {RelayedInternal}, ORIGINATING LOCAL [203.217.171.132]:47843 [203.217.171.132] <smartcabinet@gl-f.com> -> <r.ishigami@gl-f.com>, Queue-ID: 176EA471FD1, Message-ID: <20200717101712.176EA471FD1@mail.csd.co.th>, mail_id: 38VOZE3MxVll, Hits: -, size: 1410, queued_as: 4C0A0471FCA, 139 ms
Jul 17 17:17:12 thglzimbra301 postfix/smtp[25528]: 176EA471FD1: to=<r.ishigami@gl-f.com>, relay=127.0.0.1[127.0.0.1]:10026, delay=0.34, delays=0.2/0/0/0.14, dsn=2.0.0, status=sent (250 2.0.0 from MTA(smtp:[127.0.0.1]:10030): 250 2.0.0 Ok: queued as 4C0A0471FCA)
Jul 17 17:17:12 thglzimbra301 amavis[4337]: (04337-20) ESMTP [127.0.0.1]:10032 /opt/zimbra/data/amavisd/tmp/amavis-20200717T164945-04337-5juW_KYk: <smartcabinet@gl-f.com> -> <r.ishigami@gl-f.com> SIZE=1867 Received: from mail.csd.co.th ([127.0.0.1]) by localhost (csd.co.th [127.0.0.1]) (amavisd-new, port 10032) with ESMTP for <r.ishigami@gl-f.com>; Fri, 17 Jul 2020 17:17:12 +0700 (+07)
Jul 17 17:17:12 thglzimbra301 amavis[4337]: (04337-20) Checking: 2LotXskChrae ORIGINATING_POST/MYNETS [127.0.0.1] <smartcabinet@gl-f.com> -> <r.ishigami@gl-f.com>
Jul 17 17:17:12 thglzimbra301 amavis[4337]: (04337-20) spam-tag, <smartcabinet@gl-f.com> -> <r.ishigami@gl-f.com>, No, score=4.725 required=6.6 tests=[ALL_TRUSTED=-1, BASE64_LENGTH_79_INF=1.502, BAYES_00=-1.9, DKIM_SIGNED=0.1, DKIM_VALID=-0.1, DKIM_VALID_AU=-0.1, FROM_MISSPACED=1.999, FROM_MISSP_XPRIO=1.999, HTML_MESSAGE=0.001, LOCAL_RULE_APNIC_12=4.123, LOCAL_RULE_GLF=-2, MIME_HTML_ONLY=0.1, URIBL_BLOCKED=0.001] autolearn=no autolearn_force=no
Jul 17 17:17:12 thglzimbra301 amavis[4337]: (04337-20) 2LotXskChrae FWD from <smartcabinet@gl-f.com> -> <r.ishigami@gl-f.com>, BODY=7BIT 250 2.0.0 from MTA(smtp:[127.0.0.1]:10025): 250 2.0.0 Ok: queued as 784E7471FA7
Jul 17 17:17:12 thglzimbra301 amavis[4337]: (04337-20) Passed CLEAN {RelayedInternal}, ORIGINATING_POST/MYNETS LOCAL [127.0.0.1]:42780 [203.217.171.132] <smartcabinet@gl-f.com> -> <r.ishigami@gl-f.com>, Queue-ID: 4C0A0471FCA, Message-ID: <20200717101712.176EA471FD1@mail.csd.co.th>, mail_id: 2LotXskChrae, Hits: 4.725, size: 2298, queued_as: 784E7471FA7, dkim_sd=7A60E578-A243-11E9-89FC-DBAAB5D5401C:gl-f.com, 107 ms
Jul 17 17:17:12 thglzimbra301 postfix/smtp[24171]: 4C0A0471FCA: to=<r.ishigami@gl-f.com>, relay=127.0.0.1[127.0.0.1]:10032, delay=0.19, delays=0.08/0/0/0.11, dsn=2.0.0, status=sent (250 2.0.0 from MTA(smtp:[127.0.0.1]:10025): 250 2.0.0 Ok: queued as 784E7471FA7)
Jul 17 17:17:12 thglzimbra301 postfix/lmtp[18301]: 784E7471FA7: to=<r.ishigami@gl-f.com>, relay=csd.co.th[172.31.30.121]:7025, delay=0.12, delays=0/0/0.04/0.07, dsn=2.1.5, status=sent (250 2.1.5 Delivery OK)
Jul 17 17:17:48 thglzimbra301 postfix/smtps/smtpd[24602]: A4863463C50: filter: RCPT from unknown[203.217.171.132]: <s.ngeth@gl-f.com>: Sender address triggers FILTER smtp-amavis:[127.0.0.1]:10026; from=<s.ngeth@gl-f.com> to=<y.kozuma@gl-f.com> proto=ESMTP helo=<D1HM3G2S>
Jul 17 17:17:49 thglzimbra301 amavis[8029]: (08029-19) ESMTP [127.0.0.1]:10026 /opt/zimbra/data/amavisd/tmp/amavis-20200717T165424-08029-EHagHmd3: <s.ngeth@gl-f.com> -> <k.so@gl-f.com>,<s.leng@gl-f.com>,<s.ngeth@gl-f.com>,<s.phal@gl-f.com>,<s.troeung@gl-f.com>,<y.kozuma@gl-f.com>,<y.kozuma@gl-f.com> Received: from mail.csd.co.th ([127.0.0.1]) by localhost (csd.co.th [127.0.0.1]) (amavisd-new, port 10026) with ESMTP; Fri, 17 Jul 2020 17:17:49 +0700 (+07)
Jul 17 17:17:49 thglzimbra301 amavis[8029]: (08029-19) Checking: WijWRjBGOjeG ORIGINATING [203.217.171.132] <s.ngeth@gl-f.com> -> <k.so@gl-f.com>,<s.leng@gl-f.com>,<s.ngeth@gl-f.com>,<s.phal@gl-f.com>,<s.troeung@gl-f.com>,<y.kozuma@gl-f.com>,<y.kozuma@gl-f.com>
Jul 17 17:17:49 thglzimbra301 amavis[8029]: (08029-19) WijWRjBGOjeG FWD from <s.ngeth@gl-f.com> -> <k.so@gl-f.com>,<s.leng@gl-f.com>,<s.ngeth@gl-f.com>,<s.phal@gl-f.com>,<s.troeung@gl-f.com>,<y.kozuma@gl-f.com>,<y.kozuma@gl-f.com>, BODY=7BIT 250 2.0.0 from MTA(smtp:[127.0.0.1]:10030): 250 2.0.0 Ok: queued as 683A4471F84
Jul 17 17:17:49 thglzimbra301 amavis[8029]: (08029-19) Passed CLEAN {RelayedInternal}, ORIGINATING LOCAL [203.217.171.132]:50446 [203.217.171.132] <s.ngeth@gl-f.com> -> <k.so@gl-f.com>,<s.leng@gl-f.com>,<s.ngeth@gl-f.com>,<s.phal@gl-f.com>,<s.troeung@gl-f.com>,<y.kozuma@gl-f.com>,<y.kozuma@gl-f.com>, Queue-ID: A4863463C50, Message-ID: <00ff01d65c23$857dc030$90794090$@gl-f.com>, mail_id: WijWRjBGOjeG, Hits: -, size: 631722, queued_as: 683A4471F84, 439 ms
Jul 17 17:17:49 thglzimbra301 postfix/smtp[25979]: A4863463C50: to=<y.kozuma@gl-f.com>, orig_to=<allhr@gl-f.com>, relay=127.0.0.1[127.0.0.1]:10026, delay=0.9, delays=0.46/0/0/0.44, dsn=2.0.0, status=sent (250 2.0.0 from MTA(smtp:[127.0.0.1]:10030): 250 2.0.0 Ok: queued as 683A4471F84)
Jul 17 17:17:49 thglzimbra301 postfix/smtp[25979]: A4863463C50: to=<y.kozuma@gl-f.com>, relay=127.0.0.1[127.0.0.1]:10026, delay=0.9, delays=0.46/0/0/0.44, dsn=2.0.0, status=sent (250 2.0.0 from MTA(smtp:[127.0.0.1]:10030): 250 2.0.0 Ok: queued as 683A4471F84)
Jul 17 17:17:49 thglzimbra301 amavis[24172]: (24172-05) ESMTP [127.0.0.1]:10032 /opt/zimbra/data/amavisd/tmp/amavis-20200717T171631-24172-07q3zyXV: <s.ngeth@gl-f.com> -> <k.so@gl-f.com>,<s.leng@gl-f.com>,<s.ngeth@gl-f.com>,<s.phal@gl-f.com>,<s.troeung@gl-f.com>,<y.kozuma@gl-f.com>,<y.kozuma@gl-f.com> SIZE=632124 Received: from mail.csd.co.th ([127.0.0.1]) by localhost (csd.co.th [127.0.0.1]) (amavisd-new, port 10032) with ESMTP; Fri, 17 Jul 2020 17:17:49 +0700 (+07)
Jul 17 17:17:49 thglzimbra301 amavis[24172]: (24172-05) Checking: KE2CDW4NrPlA ORIGINATING_POST/MYNETS [127.0.0.1] <s.ngeth@gl-f.com> -> <k.so@gl-f.com>,<s.leng@gl-f.com>,<s.ngeth@gl-f.com>,<s.phal@gl-f.com>,<s.troeung@gl-f.com>,<y.kozuma@gl-f.com>,<y.kozuma@gl-f.com>
Jul 17 17:17:49 thglzimbra301 amavis[24172]: (24172-05) spam-tag, <s.ngeth@gl-f.com> -> <k.so@gl-f.com>,<s.leng@gl-f.com>,<s.ngeth@gl-f.com>,<s.phal@gl-f.com>,<s.troeung@gl-f.com>,<y.kozuma@gl-f.com>,<y.kozuma@gl-f.com>, No, score=1.098 required=6.6 tests=[ALL_TRUSTED=-1, BAYES_00=-1.9, DEAR_SOMETHING=1.973, DKIM_SIGNED=0.1, DKIM_VALID=-0.1, DKIM_VALID_AU=-0.1, HTML_MESSAGE=0.001, LOCAL_RULE_APNIC_12=4.123, LOCAL_RULE_GLF=-2, URIBL_BLOCKED=0.001] autolearn=no autolearn_force=no
Jul 17 17:17:49 thglzimbra301 amavis[24172]: (24172-05) KE2CDW4NrPlA FWD from <s.ngeth@gl-f.com> -> <k.so@gl-f.com>,<s.leng@gl-f.com>,<s.ngeth@gl-f.com>,<s.phal@gl-f.com>,<s.troeung@gl-f.com>,<y.kozuma@gl-f.com>,<y.kozuma@gl-f.com>, BODY=7BIT 250 2.0.0 from MTA(smtp:[127.0.0.1]:10025): 250 2.0.0 Ok: queued as C7FEF463C50
Jul 17 17:17:49 thglzimbra301 amavis[24172]: (24172-05) Passed CLEAN {RelayedInternal}, ORIGINATING_POST/MYNETS LOCAL [127.0.0.1]:42838 [203.217.171.132] <s.ngeth@gl-f.com> -> <k.so@gl-f.com>,<s.leng@gl-f.com>,<s.ngeth@gl-f.com>,<s.phal@gl-f.com>,<s.troeung@gl-f.com>,<y.kozuma@gl-f.com>,<y.kozuma@gl-f.com>, Queue-ID: 683A4471F84, Message-ID: <00ff01d65c23$857dc030$90794090$@gl-f.com>, mail_id: KE2CDW4NrPlA, Hits: 1.098, size: 632556, queued_as: C7FEF463C50, dkim_sd=7A60E578-A243-11E9-89FC-DBAAB5D5401C:gl-f.com, 344 ms
Jul 17 17:17:49 thglzimbra301 postfix/smtp[25977]: 683A4471F84: to=<y.kozuma@gl-f.com>, relay=127.0.0.1[127.0.0.1]:10032, delay=0.45, delays=0.1/0/0/0.34, dsn=2.0.0, status=sent (250 2.0.0 from MTA(smtp:[127.0.0.1]:10025): 250 2.0.0 Ok: queued as C7FEF463C50)
Jul 17 17:17:49 thglzimbra301 postfix/smtp[25977]: 683A4471F84: to=<y.kozuma@gl-f.com>, relay=127.0.0.1[127.0.0.1]:10032, delay=0.45, delays=0.1/0/0/0.34, dsn=2.0.0, status=sent (250 2.0.0 from MTA(smtp:[127.0.0.1]:10025): 250 2.0.0 Ok: queued as C7FEF463C50)
Jul 17 17:17:50 thglzimbra301 postfix/lmtp[18301]: C7FEF463C50: to=<y.kozuma@gl-f.com>, relay=csd.co.th[172.31.30.121]:7025, delay=0.28, delays=0.05/0/0.04/0.19, dsn=2.1.5, status=sent (250 2.1.5 Delivery OK)
Jul 17 17:17:50 thglzimbra301 postfix/lmtp[18301]: C7FEF463C50: to=<y.kozuma@gl-f.com>, relay=csd.co.th[172.31.30.121]:7025, delay=0.28, delays=0.05/0/0.04/0.19, dsn=2.1.5, status=sent (250 2.1.5 Delivery OK)
Jul 17 17:20:08 thglzimbra301 amavis[11980]: (11980-14) ESMTP [127.0.0.1]:10026 /opt/zimbra/data/amavisd/tmp/amavis-20200717T170211-11980-WfWSIuLw: <s.lem@gl-f.com> -> <k.so@gl-f.com>,<s.leng@gl-f.com>,<s.ma@gl-f.com>,<s.ngeth@gl-f.com>,<s.phal@gl-f.com>,<s.troeung@gl-f.com>,<v.poy@gl-f.com>,<y.kozuma@gl-f.com> Received: from mail.csd.co.th ([127.0.0.1]) by localhost (csd.co.th [127.0.0.1]) (amavisd-new, port 10026) with ESMTP; Fri, 17 Jul 2020 17:20:08 +0700 (+07)
Jul 17 17:20:08 thglzimbra301 amavis[11980]: (11980-14) Checking: fQaRCvAk2FQ4 ORIGINATING [36.37.234.241] <s.lem@gl-f.com> -> <k.so@gl-f.com>,<s.leng@gl-f.com>,<s.ma@gl-f.com>,<s.ngeth@gl-f.com>,<s.phal@gl-f.com>,<s.troeung@gl-f.com>,<v.poy@gl-f.com>,<y.kozuma@gl-f.com>
Jul 17 17:20:09 thglzimbra301 amavis[11980]: (11980-14) fQaRCvAk2FQ4 FWD from <s.lem@gl-f.com> -> <k.so@gl-f.com>,<s.leng@gl-f.com>,<s.ma@gl-f.com>,<s.ngeth@gl-f.com>,<s.phal@gl-f.com>,<s.troeung@gl-f.com>,<v.poy@gl-f.com>,<y.kozuma@gl-f.com>, BODY=7BIT 250 2.0.0 from MTA(smtp:[127.0.0.1]:10030): 250 2.0.0 Ok: queued as D82BA47050A
Jul 17 17:20:09 thglzimbra301 amavis[11980]: (11980-14) Passed CLEAN {RelayedInternal}, ORIGINATING LOCAL [36.37.234.241]:60379 [36.37.234.241] <s.lem@gl-f.com> -> <k.so@gl-f.com>,<s.leng@gl-f.com>,<s.ma@gl-f.com>,<s.ngeth@gl-f.com>,<s.phal@gl-f.com>,<s.troeung@gl-f.com>,<v.poy@gl-f.com>,<y.kozuma@gl-f.com>, Queue-ID: 15DA74704FE, Message-ID: <000901d65c23$d880f8b0$8982ea10$@gl-f.com>, mail_id: fQaRCvAk2FQ4, Hits: -, size: 121381, queued_as: D82BA47050A, 254 ms
Jul 17 17:20:09 thglzimbra301 postfix/smtp[25977]: 15DA74704FE: to=<y.kozuma@gl-f.com>, orig_to=<allhr@gl-f.com>, relay=127.0.0.1[127.0.0.1]:10026, delay=1, delays=0.77/0/0/0.25, dsn=2.0.0, status=sent (250 2.0.0 from MTA(smtp:[127.0.0.1]:10030): 250 2.0.0 Ok: queued as D82BA47050A)
Jul 17 17:20:09 thglzimbra301 amavis[19406]: (19406-08) ESMTP [127.0.0.1]:10032 /opt/zimbra/data/amavisd/tmp/amavis-20200717T171213-19406-U75vcr2s: <s.lem@gl-f.com> -> <k.so@gl-f.com>,<s.leng@gl-f.com>,<s.ma@gl-f.com>,<s.ngeth@gl-f.com>,<s.phal@gl-f.com>,<s.troeung@gl-f.com>,<v.poy@gl-f.com>,<y.kozuma@gl-f.com> SIZE=121790 Received: from mail.csd.co.th ([127.0.0.1]) by localhost (csd.co.th [127.0.0.1]) (amavisd-new, port 10032) with ESMTP; Fri, 17 Jul 2020 17:20:09 +0700 (+07)
Jul 17 17:20:09 thglzimbra301 amavis[19406]: (19406-08) Checking: onHPCF1BhZNM ORIGINATING_POST/MYNETS [127.0.0.1] <s.lem@gl-f.com> -> <k.so@gl-f.com>,<s.leng@gl-f.com>,<s.ma@gl-f.com>,<s.ngeth@gl-f.com>,<s.phal@gl-f.com>,<s.troeung@gl-f.com>,<v.poy@gl-f.com>,<y.kozuma@gl-f.com>
Jul 17 17:20:09 thglzimbra301 amavis[19406]: (19406-08) spam-tag, <s.lem@gl-f.com> -> <k.so@gl-f.com>,<s.leng@gl-f.com>,<s.ma@gl-f.com>,<s.ngeth@gl-f.com>,<s.phal@gl-f.com>,<s.troeung@gl-f.com>,<v.poy@gl-f.com>,<y.kozuma@gl-f.com>, No, score=-2.998 required=6.6 tests=[ALL_TRUSTED=-1, BAYES_00=-1.9, DKIM_SIGNED=0.1, DKIM_VALID=-0.1, DKIM_VALID_AU=-0.1, HTML_MESSAGE=0.001, URIBL_BLOCKED=0.001] autolearn=ham autolearn_force=no
Jul 17 17:20:09 thglzimbra301 amavis[19406]: (19406-08) onHPCF1BhZNM FWD from <s.lem@gl-f.com> -> <k.so@gl-f.com>,<s.leng@gl-f.com>,<s.ma@gl-f.com>,<s.ngeth@gl-f.com>,<s.phal@gl-f.com>,<s.troeung@gl-f.com>,<v.poy@gl-f.com>,<y.kozuma@gl-f.com>, BODY=7BIT 250 2.0.0 from MTA(smtp:[127.0.0.1]:10025): 250 2.0.0 Ok: queued as 546484704FE
Jul 17 17:20:09 thglzimbra301 amavis[19406]: (19406-08) Passed CLEAN {RelayedInternal}, ORIGINATING_POST/MYNETS LOCAL [127.0.0.1]:43480 [36.37.234.241] <s.lem@gl-f.com> -> <k.so@gl-f.com>,<s.leng@gl-f.com>,<s.ma@gl-f.com>,<s.ngeth@gl-f.com>,<s.phal@gl-f.com>,<s.troeung@gl-f.com>,<v.poy@gl-f.com>,<y.kozuma@gl-f.com>, Queue-ID: D82BA47050A, Message-ID: <000901d65c23$d880f8b0$8982ea10$@gl-f.com>, mail_id: onHPCF1BhZNM, Hits: -2.998, size: 122215, queued_as: 546484704FE, dkim_sd=7A60E578-A243-11E9-89FC-DBAAB5D5401C:gl-f.com, 339 ms
Jul 17 17:20:09 thglzimbra301 postfix/smtp[29568]: D82BA47050A: to=<y.kozuma@gl-f.com>, relay=127.0.0.1[127.0.0.1]:10032, delay=0.51, delays=0.17/0/0/0.34, dsn=2.0.0, status=sent (250 2.0.0 from MTA(smtp:[127.0.0.1]:10025): 250 2.0.0 Ok: queued as 546484704FE)
Jul 17 17:20:09 thglzimbra301 postfix/lmtp[18301]: 546484704FE: to=<y.kozuma@gl-f.com>, relay=csd.co.th[172.31.30.121]:7025, delay=0.41, delays=0.04/0/0.04/0.32, dsn=2.1.5, status=sent (250 2.1.5 Delivery OK)
Jul 17 17:20:38 thglzimbra301 postfix/smtps/smtpd[24602]: 65A53471FE9: filter: RCPT from unknown[203.217.171.132]: <s.troeung@gl-f.com>: Sender address triggers FILTER smtp-amavis:[127.0.0.1]:10026; from=<s.troeung@gl-f.com> to=<y.kozuma@gl-f.com> proto=ESMTP helo=<DFMN91H2>
Jul 17 17:20:38 thglzimbra301 amavis[19406]: (19406-09) ESMTP [127.0.0.1]:10026 /opt/zimbra/data/amavisd/tmp/amavis-20200717T171213-19406-U75vcr2s: <s.troeung@gl-f.com> -> <ceo@apfgroups.com>,<k.ito@gl-f.com>,<y.kozuma@gl-f.com> Received: from mail.csd.co.th ([127.0.0.1]) by localhost (csd.co.th [127.0.0.1]) (amavisd-new, port 10026) with ESMTP; Fri, 17 Jul 2020 17:20:38 +0700 (+07)
Jul 17 17:20:38 thglzimbra301 amavis[19406]: (19406-09) Checking: LgY8QGO0ZpAb ORIGINATING [203.217.171.132] <s.troeung@gl-f.com> -> <ceo@apfgroups.com>,<k.ito@gl-f.com>,<y.kozuma@gl-f.com>
Jul 17 17:20:38 thglzimbra301 amavis[19406]: (19406-09) LgY8QGO0ZpAb FWD from <s.troeung@gl-f.com> -> <ceo@apfgroups.com>,<k.ito@gl-f.com>,<y.kozuma@gl-f.com>, BODY=7BIT 250 2.0.0 from MTA(smtp:[127.0.0.1]:10030): 250 2.0.0 Ok: queued as D29E8471FF2
Jul 17 17:20:38 thglzimbra301 amavis[19406]: (19406-09) Passed CLEAN {RelayedInternal,RelayedOutbound}, ORIGINATING LOCAL [203.217.171.132]:60443 [203.217.171.132] <s.troeung@gl-f.com> -> <ceo@apfgroups.com>,<k.ito@gl-f.com>,<y.kozuma@gl-f.com>, Queue-ID: 65A53471FE9, Message-ID: <004a01d65c23$eab612e0$c02238a0$@gl-f.com>, mail_id: LgY8QGO0ZpAb, Hits: -, size: 81920, queued_as: D29E8471FF2, 245 ms
Jul 17 17:20:38 thglzimbra301 postfix/smtp[25935]: 65A53471FE9: to=<y.kozuma@gl-f.com>, relay=127.0.0.1[127.0.0.1]:10026, delay=0.61, delays=0.37/0/0/0.24, dsn=2.0.0, status=sent (250 2.0.0 from MTA(smtp:[127.0.0.1]:10030): 250 2.0.0 Ok: queued as D29E8471FF2)
Jul 17 17:20:38 thglzimbra301 amavis[13905]: (13905-15) ESMTP [127.0.0.1]:10032 /opt/zimbra/data/amavisd/tmp/amavis-20200717T170356-13905-4Nbvb3LI: <s.troeung@gl-f.com> -> <ceo@apfgroups.com>,<k.ito@gl-f.com>,<y.kozuma@gl-f.com> SIZE=82322 Received: from mail.csd.co.th ([127.0.0.1]) by localhost (csd.co.th [127.0.0.1]) (amavisd-new, port 10032) with ESMTP; Fri, 17 Jul 2020 17:20:38 +0700 (+07)
Jul 17 17:20:39 thglzimbra301 amavis[13905]: (13905-15) Checking: Wi-jcJ2a9LID ORIGINATING_POST/MYNETS [127.0.0.1] <s.troeung@gl-f.com> -> <ceo@apfgroups.com>,<k.ito@gl-f.com>,<y.kozuma@gl-f.com>
Jul 17 17:20:39 thglzimbra301 amavis[13905]: (13905-15) spam-tag, <s.troeung@gl-f.com> -> <k.ito@gl-f.com>,<y.kozuma@gl-f.com>, No, score=-0.876 required=6.6 tests=[ALL_TRUSTED=-1, BAYES_00=-1.9, DKIM_SIGNED=0.1, DKIM_VALID=-0.1, DKIM_VALID_AU=-0.1, HTML_MESSAGE=0.001, LOCAL_RULE_APNIC_12=4.123, LOCAL_RULE_GLF=-2] autolearn=no autolearn_force=no
Jul 17 17:20:39 thglzimbra301 amavis[13905]: (13905-15) Wi-jcJ2a9LID FWD from <s.troeung@gl-f.com> -> <k.ito@gl-f.com>,<y.kozuma@gl-f.com>, BODY=7BIT 250 2.0.0 from MTA(smtp:[127.0.0.1]:10025): 250 2.0.0 Ok: queued as 34DA2471FFB
Jul 17 17:20:39 thglzimbra301 amavis[13905]: (13905-15) Passed CLEAN {RelayedInternal,RelayedOutbound}, ORIGINATING_POST/MYNETS LOCAL [127.0.0.1]:43586 [203.217.171.132] <s.troeung@gl-f.com> -> <ceo@apfgroups.com>,<k.ito@gl-f.com>,<y.kozuma@gl-f.com>, Queue-ID: D29E8471FF2, Message-ID: <004a01d65c23$eab612e0$c02238a0$@gl-f.com>, mail_id: Wi-jcJ2a9LID, Hits: -0.876, size: 82754, queued_as: 3351B471FE9/34DA2471FFB, dkim_sd=7A60E578-A243-11E9-89FC-DBAAB5D5401C:gl-f.com, 239 ms
Jul 17 17:20:39 thglzimbra301 postfix/smtp[25979]: D29E8471FF2: to=<y.kozuma@gl-f.com>, relay=127.0.0.1[127.0.0.1]:10032, delay=0.36, delays=0.12/0/0/0.24, dsn=2.0.0, status=sent (250 2.0.0 from MTA(smtp:[127.0.0.1]:10025): 250 2.0.0 Ok: queued as 3351B471FE9)
Jul 17 17:20:39 thglzimbra301 postfix/lmtp[18301]: 34DA2471FFB: to=<y.kozuma@gl-f.com>, relay=csd.co.th[172.31.30.121]:7025, delay=0.27, delays=0/0/0.04/0.22, dsn=2.1.5, status=sent (250 2.1.5 Delivery OK)
Jul 17 17:20:51 thglzimbra301 postfix/smtps/smtpd[24602]: C07B5469BD4: filter: RCPT from unknown[203.217.171.132]: <s.troeung@gl-f.com>: Sender address triggers FILTER smtp-amavis:[127.0.0.1]:10026; from=<s.troeung@gl-f.com> to=<r.ishigami@gl-f.com> proto=ESMTP helo=<DFMN91H2>
Jul 17 17:20:51 thglzimbra301 postfix/smtps/smtpd[24602]: C07B5469BD4: filter: RCPT from unknown[203.217.171.132]: <s.troeung@gl-f.com>: Sender address triggers FILTER smtp-amavis:[127.0.0.1]:10026; from=<s.troeung@gl-f.com> to=<y.kozuma@gl-f.com> proto=ESMTP helo=<DFMN91H2>
Jul 17 17:20:52 thglzimbra301 amavis[29570]: (29570-01) ESMTP [127.0.0.1]:10026 /opt/zimbra/data/amavisd/tmp/amavis-20200717T172052-29570-7vCBJlhT: <s.troeung@gl-f.com> -> <ceo@apfgroups.com>,<r.ishigami@gl-f.com>,<y.kozuma@gl-f.com> Received: from mail.csd.co.th ([127.0.0.1]) by localhost (csd.co.th [127.0.0.1]) (amavisd-new, port 10026) with ESMTP; Fri, 17 Jul 2020 17:20:52 +0700 (+07)
Jul 17 17:20:52 thglzimbra301 amavis[29570]: (29570-01) Checking: pKV3ZE1Vr00Q ORIGINATING [203.217.171.132] <s.troeung@gl-f.com> -> <ceo@apfgroups.com>,<r.ishigami@gl-f.com>,<y.kozuma@gl-f.com>
Jul 17 17:20:52 thglzimbra301 amavis[29570]: (29570-01) pKV3ZE1Vr00Q FWD from <s.troeung@gl-f.com> -> <ceo@apfgroups.com>,<r.ishigami@gl-f.com>,<y.kozuma@gl-f.com>, BODY=7BIT 250 2.0.0 from MTA(smtp:[127.0.0.1]:10030): 250 2.0.0 Ok: queued as 5105D4710F3
Jul 17 17:20:52 thglzimbra301 amavis[29570]: (29570-01) Passed CLEAN {RelayedInternal,RelayedOutbound}, ORIGINATING LOCAL [203.217.171.132]:60445 [203.217.171.132] <s.troeung@gl-f.com> -> <ceo@apfgroups.com>,<r.ishigami@gl-f.com>,<y.kozuma@gl-f.com>, Queue-ID: C07B5469BD4, Message-ID: <005001d65c23$f2aad120$d8007360$@gl-f.com>, mail_id: pKV3ZE1Vr00Q, Hits: -, size: 249901, queued_as: 5105D4710F3, 441 ms
Jul 17 17:20:52 thglzimbra301 postfix/smtp[29568]: C07B5469BD4: to=<r.ishigami@gl-f.com>, relay=127.0.0.1[127.0.0.1]:10026, delay=0.79, delays=0.35/0/0/0.44, dsn=2.0.0, status=sent (250 2.0.0 from MTA(smtp:[127.0.0.1]:10030): 250 2.0.0 Ok: queued as 5105D4710F3)
Jul 17 17:20:52 thglzimbra301 postfix/smtp[29568]: C07B5469BD4: to=<y.kozuma@gl-f.com>, relay=127.0.0.1[127.0.0.1]:10026, delay=0.79, delays=0.35/0/0/0.44, dsn=2.0.0, status=sent (250 2.0.0 from MTA(smtp:[127.0.0.1]:10030): 250 2.0.0 Ok: queued as 5105D4710F3)
Jul 17 17:20:52 thglzimbra301 amavis[24623]: (24623-09) ESMTP [127.0.0.1]:10032 /opt/zimbra/data/amavisd/tmp/amavis-20200717T171635-24623-O6O2CeAJ: <s.troeung@gl-f.com> -> <ceo@apfgroups.com>,<r.ishigami@gl-f.com>,<y.kozuma@gl-f.com> SIZE=250305 Received: from mail.csd.co.th ([127.0.0.1]) by localhost (csd.co.th [127.0.0.1]) (amavisd-new, port 10032) with ESMTP; Fri, 17 Jul 2020 17:20:52 +0700 (+07)
Jul 17 17:20:52 thglzimbra301 amavis[24623]: (24623-09) Checking: gCXEhb8Bbqcw ORIGINATING_POST/MYNETS [127.0.0.1] <s.troeung@gl-f.com> -> <ceo@apfgroups.com>,<r.ishigami@gl-f.com>,<y.kozuma@gl-f.com>
Jul 17 17:20:52 thglzimbra301 amavis[24623]: (24623-09) spam-tag, <s.troeung@gl-f.com> -> <r.ishigami@gl-f.com>,<y.kozuma@gl-f.com>, No, score=-0.876 required=6.6 tests=[ALL_TRUSTED=-1, BAYES_00=-1.9, DKIM_SIGNED=0.1, DKIM_VALID=-0.1, DKIM_VALID_AU=-0.1, HTML_MESSAGE=0.001, LOCAL_RULE_APNIC_12=4.123, LOCAL_RULE_GLF=-2] autolearn=no autolearn_force=no
Jul 17 17:20:52 thglzimbra301 amavis[24623]: (24623-09) gCXEhb8Bbqcw FWD from <s.troeung@gl-f.com> -> <r.ishigami@gl-f.com>,<y.kozuma@gl-f.com>, BODY=7BIT 250 2.0.0 from MTA(smtp:[127.0.0.1]:10025): 250 2.0.0 Ok: queued as CBD664712B2
Jul 17 17:20:52 thglzimbra301 amavis[24623]: (24623-09) Passed CLEAN {RelayedInternal,RelayedOutbound}, ORIGINATING_POST/MYNETS LOCAL [127.0.0.1]:43644 [203.217.171.132] <s.troeung@gl-f.com> -> <ceo@apfgroups.com>,<r.ishigami@gl-f.com>,<y.kozuma@gl-f.com>, Queue-ID: 5105D4710F3, Message-ID: <005001d65c23$f2aad120$d8007360$@gl-f.com>, mail_id: gCXEhb8Bbqcw, Hits: -0.876, size: 250737, queued_as: C0819469BD4/CBD664712B2, dkim_sd=7A60E578-A243-11E9-89FC-DBAAB5D5401C:gl-f.com, 347 ms
Jul 17 17:20:52 thglzimbra301 postfix/smtp[25977]: 5105D4710F3: to=<r.ishigami@gl-f.com>, relay=127.0.0.1[127.0.0.1]:10032, delay=0.55, delays=0.21/0/0/0.35, dsn=2.0.0, status=sent (250 2.0.0 from MTA(smtp:[127.0.0.1]:10025): 250 2.0.0 Ok: queued as C0819469BD4)
Jul 17 17:20:52 thglzimbra301 postfix/smtp[25977]: 5105D4710F3: to=<y.kozuma@gl-f.com>, relay=127.0.0.1[127.0.0.1]:10032, delay=0.55, delays=0.21/0/0/0.35, dsn=2.0.0, status=sent (250 2.0.0 from MTA(smtp:[127.0.0.1]:10025): 250 2.0.0 Ok: queued as C0819469BD4)
Jul 17 17:20:53 thglzimbra301 postfix/lmtp[18301]: CBD664712B2: to=<r.ishigami@gl-f.com>, relay=csd.co.th[172.31.30.121]:7025, delay=0.23, delays=0.05/0/0.04/0.14, dsn=2.1.5, status=sent (250 2.1.5 Delivery OK)
Jul 17 17:20:53 thglzimbra301 postfix/lmtp[18301]: CBD664712B2: to=<y.kozuma@gl-f.com>, relay=csd.co.th[172.31.30.121]:7025, delay=0.23, delays=0.05/0/0.04/0.14, dsn=2.1.5, status=sent (250 2.1.5 Delivery OK)
